main.c:98:6:Control_Motor	16	static
main.c:134:9:Get_Velocity	4	static
main.c:151:6:Transmit_Uart	40	static
main.c:185:8:Receive_Uart	4	static
main.c:197:5:main	8	static
main.c:260:6:SystemClock_Config	88	static
main.c:304:13:MX_TIM1_Init	96	static
main.c:383:13:MX_TIM2_Init	56	static
main.c:432:13:MX_TIM4_Init	56	static
main.c:481:13:MX_TIM5_Init	32	static
main.c:526:13:MX_TIM9_Init	24	static
main.c:564:13:MX_USART2_UART_Init	8	static
main.c:595:13:MX_DMA_Init	16	static
main.c:613:13:MX_GPIO_Init	56	static
main.c:658:6:HAL_TIM_PeriodElapsedCallback	24	static
main.c:693:6:Error_Handler	4	static
